=== FR-244 contrast-driven occupancy release recommendation ===
FR-244 recommend_occupancy_release 発火確認 (NaCuHCF Na/O 混合サイト)

joint (xray+neutron_tof): 2 件推奨
  site=Na1_O3 elements=('Na', 'O') contrast=0.1941 param=global.occ.Na1_O3
    rationale: phase0 site 'Na1_O3' 占有元素対 (Na,O) の X線/中性子コントラスト |f_norm-b_norm|=0.1941 が閾値 0.1500 以上のため、joint データで占有率 global.occ.Na1_O3 の解放を推奨する。
  site=Na2_O1 elements=('Na', 'O') contrast=0.1941 param=global.occ.Na2_O1
    rationale: phase0 site 'Na2_O1' 占有元素対 (Na,O) の X線/中性子コントラスト |f_norm-b_norm|=0.1941 が閾値 0.1500 以上のため、joint データで占有率 global.occ.Na2_O1 の解放を推奨する。
xray-only (probe 種別 1 種): 0 件推奨 (joint 条件 [hist>=2 かつ probe 種別>=2] 未達のため空を期待)

=== (a) X-ray only (model6, Na/Ow occupancy release) ===
Error reading {cfgfile}
 'utf-8' codec can't decode byte 0x83 in position 369: invalid start byte
GSAS-II binary directory: C:\Users\tomoo\.GSASII\GSASII-bin\win_64_p3.12_n2.2
Maximum shift/esd = 258.873 for all cycles
Maximum shift/esd = 4.684 for all cycles
Maximum shift/esd = 68.885 for all cycles
Maximum shift/esd = 25.134 for all cycles

===== xray_only dt=66s =====
  Rwp=15.148%  GOF=21.357  n_obs=12168  n_params=29  BIC=5537146.8  validity=True
    Na1  occ=0.1491 +/- 0.0237
    O3   occ=0.8509 +/- 0.0237
    Na2  occ=0.9895 +/- 0.0319
    O1   occ=0.0105 +/- 0.0319
    Ow   occ=0.3297 +/- 0.0137

=== (b) SXRD + ND TOF joint (model6, Na/Ow occupancy release) ===
Maximum shift/esd = 330.859 for all cycles
Maximum shift/esd = 5.992 for all cycles
Maximum shift/esd = 87.554 for all cycles
Maximum shift/esd = 32.064 for all cycles

===== joint dt=405s =====
  Rwp=15.274%  GOF=16.845  n_obs=20082  n_params=48  BIC=5685277.1  validity=True
    Na1  occ=0.1423 +/- 0.0185
    O3   occ=0.8577 +/- 0.0185
    Na2  occ=0.9619 +/- 0.0253
    O1   occ=0.0381 +/- 0.0253
    Ow   occ=0.3453 +/- 0.0108

wrote C:\Users\tomoo\Documents\programming\tsumugin\docs\benchmark\joint\results\occupancy_comparison.csv
wrote C:\Users\tomoo\Documents\programming\tsumugin\docs\benchmark\joint\results\rwp_summary.csv
